// Jest Snapshot v1, https://goo.gl/fbAQLP

exports[`HelloWorld Should match snapshot 1`] = `
.c0 {
  text-align: center;
  color: #4c4c4c;
}

<_default>
  <StyledHeading>
    <StyledComponent
      forwardedComponent={
        Object {
          "$$typeof": Symbol(react.forward_ref),
          "attrs": Array [],
          "componentStyle": ComponentStyle {
            "componentId": "StyledHeading-ea1jpn-0",
            "isStatic": false,
            "lastClassName": "c0",
            "rules": Array [
              "text-align:center;color:#4c4c4c;",
            ],
          },
          "displayName": "StyledHeading",
          "foldedComponentIds": Array [],
          "render": [Function],
          "styledComponentId": "StyledHeading-ea1jpn-0",
          "target": "h1",
          "toString": [Function],
          "warnTooManyClasses": [Function],
          "withComponent": [Function],
        }
      }
      forwardedRef={null}
    >
      <h1
        className="c0"
      >
        Hello, World!
      </h1>
    </StyledComponent>
  </StyledHeading>
</_default>
`;
